UVM_INFO /home/satwikvuppari/uvm-1.2/src/base/uvm_root.svh(392) @ 0: reporter [UVM/RELNOTES] 
----------------------------------------------------------------
UVM-1.2
(C) 2007-2014 Mentor Graphics Corporation
(C) 2007-2014 Cadence Design Systems, Inc.
(C) 2006-2014 Synopsys, Inc.
(C) 2011-2013 Cypress Semiconductor Corp.
(C) 2013-2014 NVIDIA Corporation
----------------------------------------------------------------

  ***********       IMPORTANT RELEASE NOTES         ************

  You are using a version of the UVM library that has been compiled
  with `UVM_NO_DEPRECATED undefined.
  See http://www.eda.org/svdb/view.php?id=3313 for more details.

  You are using a version of the UVM library that has been compiled
  with `UVM_OBJECT_DO_NOT_NEED_CONSTRUCTOR undefined.
  See http://www.eda.org/svdb/view.php?id=3770 for more details.

      (Specify +UVM_NO_RELNOTES to turn off this notice)

UVM_INFO /home/satwikvuppari/uvm-1.2/src/base/uvm_root.svh(453) @ 0: reporter [NO_DPI_TSTNAME] UVM_NO_DPI defined--getting UVM_TESTNAME directly, without DPI
UVM_INFO @ 0: reporter [RNTST] Running test qpsk_base_test...
UVM_INFO /home/satwikvuppari/uvm-1.2/src/base/uvm_traversal.svh(279) @ 0: reporter [UVM/COMP/NAMECHECK] This implementation of the component name checks requires DPI to be enabled
%Warning: Subprocess command `z3 --in' failed: exit status 127
%Warning: Unable to communicate with SAT solver, please check its installation or specify a different one in VERILATOR_SOLVER environment variable.
 ... Tried: $ z3 --in

UVM_WARNING tb/uvm/qpsk_seq.sv(19) @ 0: uvm_test_top.env.agent.seqr@@seq [RNDFLD] Randomization failed in uvm_do_with action
UVM_WARNING tb/uvm/qpsk_seq.sv(19) @ 20000: uvm_test_top.env.agent.seqr@@seq [RNDFLD] Randomization failed in uvm_do_with action
UVM_WARNING tb/uvm/qpsk_seq.sv(19) @ 40000: uvm_test_top.env.agent.seqr@@seq [RNDFLD] Randomization failed in uvm_do_with action
UVM_WARNING tb/uvm/qpsk_seq.sv(19) @ 60000: uvm_test_top.env.agent.seqr@@seq [RNDFLD] Randomization failed in uvm_do_with action
UVM_WARNING tb/uvm/qpsk_seq.sv(19) @ 80000: uvm_test_top.env.agent.seqr@@seq [RNDFLD] Randomization failed in uvm_do_with action
UVM_WARNING tb/uvm/qpsk_seq.sv(19) @ 100000: uvm_test_top.env.agent.seqr@@seq [RNDFLD] Randomization failed in uvm_do_with action
UVM_WARNING tb/uvm/qpsk_seq.sv(19) @ 120000: uvm_test_top.env.agent.seqr@@seq [RNDFLD] Randomization failed in uvm_do_with action
UVM_WARNING tb/uvm/qpsk_seq.sv(19) @ 140000: uvm_test_top.env.agent.seqr@@seq [RNDFLD] Randomization failed in uvm_do_with action
UVM_WARNING tb/uvm/qpsk_seq.sv(19) @ 160000: uvm_test_top.env.agent.seqr@@seq [RNDFLD] Randomization failed in uvm_do_with action
UVM_WARNING tb/uvm/qpsk_seq.sv(19) @ 180000: uvm_test_top.env.agent.seqr@@seq [RNDFLD] Randomization failed in uvm_do_with action
UVM_WARNING tb/uvm/qpsk_seq.sv(19) @ 200000: uvm_test_top.env.agent.seqr@@seq [RNDFLD] Randomization failed in uvm_do_with action
UVM_WARNING tb/uvm/qpsk_seq.sv(19) @ 220000: uvm_test_top.env.agent.seqr@@seq [RNDFLD] Randomization failed in uvm_do_with action
UVM_WARNING tb/uvm/qpsk_seq.sv(19) @ 240000: uvm_test_top.env.agent.seqr@@seq [RNDFLD] Randomization failed in uvm_do_with action
UVM_WARNING tb/uvm/qpsk_seq.sv(19) @ 260000: uvm_test_top.env.agent.seqr@@seq [RNDFLD] Randomization failed in uvm_do_with action
UVM_WARNING tb/uvm/qpsk_seq.sv(19) @ 280000: uvm_test_top.env.agent.seqr@@seq [RNDFLD] Randomization failed in uvm_do_with action
UVM_WARNING tb/uvm/qpsk_seq.sv(19) @ 300000: uvm_test_top.env.agent.seqr@@seq [RNDFLD] Randomization failed in uvm_do_with action
UVM_WARNING tb/uvm/qpsk_seq.sv(19) @ 320000: uvm_test_top.env.agent.seqr@@seq [RNDFLD] Randomization failed in uvm_do_with action
UVM_WARNING tb/uvm/qpsk_seq.sv(19) @ 340000: uvm_test_top.env.agent.seqr@@seq [RNDFLD] Randomization failed in uvm_do_with action
UVM_WARNING tb/uvm/qpsk_seq.sv(19) @ 360000: uvm_test_top.env.agent.seqr@@seq [RNDFLD] Randomization failed in uvm_do_with action
UVM_WARNING tb/uvm/qpsk_seq.sv(19) @ 380000: uvm_test_top.env.agent.seqr@@seq [RNDFLD] Randomization failed in uvm_do_with action
UVM_WARNING tb/uvm/qpsk_seq.sv(19) @ 400000: uvm_test_top.env.agent.seqr@@seq [RNDFLD] Randomization failed in uvm_do_with action
UVM_WARNING tb/uvm/qpsk_seq.sv(19) @ 420000: uvm_test_top.env.agent.seqr@@seq [RNDFLD] Randomization failed in uvm_do_with action
UVM_WARNING tb/uvm/qpsk_seq.sv(19) @ 440000: uvm_test_top.env.agent.seqr@@seq [RNDFLD] Randomization failed in uvm_do_with action
UVM_WARNING tb/uvm/qpsk_seq.sv(19) @ 460000: uvm_test_top.env.agent.seqr@@seq [RNDFLD] Randomization failed in uvm_do_with action
UVM_WARNING tb/uvm/qpsk_seq.sv(19) @ 480000: uvm_test_top.env.agent.seqr@@seq [RNDFLD] Randomization failed in uvm_do_with action
UVM_WARNING tb/uvm/qpsk_seq.sv(19) @ 500000: uvm_test_top.env.agent.seqr@@seq [RNDFLD] Randomization failed in uvm_do_with action
UVM_WARNING tb/uvm/qpsk_seq.sv(19) @ 520000: uvm_test_top.env.agent.seqr@@seq [RNDFLD] Randomization failed in uvm_do_with action
UVM_WARNING tb/uvm/qpsk_seq.sv(19) @ 540000: uvm_test_top.env.agent.seqr@@seq [RNDFLD] Randomization failed in uvm_do_with action
UVM_WARNING tb/uvm/qpsk_seq.sv(19) @ 560000: uvm_test_top.env.agent.seqr@@seq [RNDFLD] Randomization failed in uvm_do_with action
UVM_WARNING tb/uvm/qpsk_seq.sv(19) @ 580000: uvm_test_top.env.agent.seqr@@seq [RNDFLD] Randomization failed in uvm_do_with action
UVM_WARNING tb/uvm/qpsk_seq.sv(19) @ 600000: uvm_test_top.env.agent.seqr@@seq [RNDFLD] Randomization failed in uvm_do_with action
UVM_WARNING tb/uvm/qpsk_seq.sv(19) @ 620000: uvm_test_top.env.agent.seqr@@seq [RNDFLD] Randomization failed in uvm_do_with action
UVM_WARNING tb/uvm/qpsk_seq.sv(19) @ 640000: uvm_test_top.env.agent.seqr@@seq [RNDFLD] Randomization failed in uvm_do_with action
UVM_WARNING tb/uvm/qpsk_seq.sv(19) @ 660000: uvm_test_top.env.agent.seqr@@seq [RNDFLD] Randomization failed in uvm_do_with action
UVM_WARNING tb/uvm/qpsk_seq.sv(19) @ 680000: uvm_test_top.env.agent.seqr@@seq [RNDFLD] Randomization failed in uvm_do_with action
UVM_WARNING tb/uvm/qpsk_seq.sv(19) @ 700000: uvm_test_top.env.agent.seqr@@seq [RNDFLD] Randomization failed in uvm_do_with action
UVM_WARNING tb/uvm/qpsk_seq.sv(19) @ 720000: uvm_test_top.env.agent.seqr@@seq [RNDFLD] Randomization failed in uvm_do_with action
UVM_WARNING tb/uvm/qpsk_seq.sv(19) @ 740000: uvm_test_top.env.agent.seqr@@seq [RNDFLD] Randomization failed in uvm_do_with action
UVM_WARNING tb/uvm/qpsk_seq.sv(19) @ 760000: uvm_test_top.env.agent.seqr@@seq [RNDFLD] Randomization failed in uvm_do_with action
UVM_WARNING tb/uvm/qpsk_seq.sv(19) @ 780000: uvm_test_top.env.agent.seqr@@seq [RNDFLD] Randomization failed in uvm_do_with action
UVM_INFO /home/satwikvuppari/uvm-1.2/src/base/uvm_objection.svh(1271) @ 900000: reporter [TEST_DONE] 'run' phase is ready to proceed to the 'extract' phase
UVM_ERROR tb/uvm/qpsk_scoreboard.sv(51) @ 900000: uvm_test_top.env.scb [qpsk_scoreboard] 40 expected symbols were never observed
UVM_INFO tb/uvm/qpsk_scoreboard.sv(59) @ 900000: uvm_test_top.env.scb [qpsk_scoreboard] [RESULT] FAIL errors=40
UVM_INFO /home/satwikvuppari/uvm-1.2/src/base/uvm_report_server.svh(847) @ 900000: reporter [UVM/REPORT/SERVER] 
--- UVM Report Summary ---

** Report counts by severity
UVM_INFO :    6
UVM_WARNING :   40
UVM_ERROR :    1
UVM_FATAL :    0
** Report counts by id
[NO_DPI_TSTNAME]     1
[RNDFLD]    40
[RNTST]     1
[TEST_DONE]     1
[UVM/COMP/NAMECHECK]     1
[UVM/RELNOTES]     1
[qpsk_scoreboard]     2

- /home/satwikvuppari/uvm-1.2/src/base/uvm_root.svh:517: Verilog $finish
- S i m u l a t i o n   R e p o r t: Verilator 5.053 devel
- Verilator: $finish at 900ns; walltime 0.015 s; speed 61.270 us/s
- Verilator: cpu 0.014 s on 1 threads; allocated 14 MB
VlRProcess::open: execvp(z3): No such file or directory
