omization failed in uvm_do_with action
UVM_WARNING tb/uvm/qpsk_seq.sv(19) @ 500000: uvm_test_top.env.agent.seqr@@seq [RNDFLD] Randomization failed in uvm_do_with action
UVM_WARNING tb/uvm/qpsk_seq.sv(19) @ 520000: uvm_test_top.env.agent.seqr@@seq [RNDFLD] Randomization failed in uvm_do_with action
UVM_WARNING tb/uvm/qpsk_seq.sv(19) @ 540000: uvm_test_top.env.agent.seqr@@seq [RNDFLD] Randomization failed in uvm_do_with action
UVM_WARNING tb/uvm/qpsk_seq.sv(19) @ 560000: uvm_test_top.env.agent.seqr@@seq [RNDFLD] Randomization failed in uvm_do_with action
UVM_WARNING tb/uvm/qpsk_seq.sv(19) @ 580000: uvm_test_top.env.agent.seqr@@seq [RNDFLD] Randomization failed in uvm_do_with action
UVM_WARNING tb/uvm/qpsk_seq.sv(19) @ 600000: uvm_test_top.env.agent.seqr@@seq [RNDFLD] Randomization failed in uvm_do_with action
UVM_WARNING tb/uvm/qpsk_seq.sv(19) @ 620000: uvm_test_top.env.agent.seqr@@seq [RNDFLD] Randomization failed in uvm_do_with action
UVM_WARNING tb/uvm/qpsk_seq.sv(19) @ 640000: uvm_test_top.env.agent.seqr@@seq [RNDFLD] Randomization failed in uvm_do_with action
UVM_WARNING tb/uvm/qpsk_seq.sv(19) @ 660000: uvm_test_top.env.agent.seqr@@seq [RNDFLD] Randomization failed in uvm_do_with action
UVM_WARNING tb/uvm/qpsk_seq.sv(19) @ 680000: uvm_test_top.env.agent.seqr@@seq [RNDFLD] Randomization failed in uvm_do_with action
UVM_WARNING tb/uvm/qpsk_seq.sv(19) @ 700000: uvm_test_top.env.agent.seqr@@seq [RNDFLD] Randomization failed in uvm_do_with action
UVM_WARNING tb/uvm/qpsk_seq.sv(19) @ 720000: uvm_test_top.env.agent.seqr@@seq [RNDFLD] Randomization failed in uvm_do_with action
UVM_WARNING tb/uvm/qpsk_seq.sv(19) @ 740000: uvm_test_top.env.agent.seqr@@seq [RNDFLD] Randomization failed in uvm_do_with action
UVM_WARNING tb/uvm/qpsk_seq.sv(19) @ 760000: uvm_test_top.env.agent.seqr@@seq [RNDFLD] Randomization failed in uvm_do_with action
UVM_WARNING tb/uvm/qpsk_seq.sv(19) @ 780000: uvm_test_top.env.agent.seqr@@seq [RNDFLD] Randomization failed in uvm_do_with action
UVM_INFO /home/satwikvuppari/uvm-1.2/src/base/uvm_objection.svh(1271) @ 900000: reporter [TEST_DONE] 'run' phase is ready to proceed to the 'extract' phase
UVM_ERROR tb/uvm/qpsk_scoreboard.sv(74) @ 900000: uvm_test_top.env.scb [QPSK_SB] Missing observed symbol for expected item 0
UVM_ERROR tb/uvm/qpsk_scoreboard.sv(74) @ 900000: uvm_test_top.env.scb [QPSK_SB] Missing observed symbol for expected item 1
UVM_ERROR tb/uvm/qpsk_scoreboard.sv(74) @ 900000: uvm_test_top.env.scb [QPSK_SB] Missing observed symbol for expected item 2
UVM_ERROR tb/uvm/qpsk_scoreboard.sv(74) @ 900000: uvm_test_top.env.scb [QPSK_SB] Missing observed symbol for expected item 3
UVM_ERROR tb/uvm/qpsk_scoreboard.sv(74) @ 900000: uvm_test_top.env.scb [QPSK_SB] Missing observed symbol for expected item 4
UVM_ERROR tb/uvm/qpsk_scoreboard.sv(74) @ 900000: uvm_test_top.env.scb [QPSK_SB] Missing observed symbol for expected item 5
UVM_ERROR tb/uvm/qpsk_scoreboard.sv(74) @ 900000: uvm_test_top.env.scb [QPSK_SB] Missing observed symbol for expected item 6
UVM_ERROR tb/uvm/qpsk_scoreboard.sv(74) @ 900000: uvm_test_top.env.scb [QPSK_SB] Missing observed symbol for expected item 7
UVM_ERROR tb/uvm/qpsk_scoreboard.sv(74) @ 900000: uvm_test_top.env.scb [QPSK_SB] Missing observed symbol for expected item 8
UVM_ERROR tb/uvm/qpsk_scoreboard.sv(74) @ 900000: uvm_test_top.env.scb [QPSK_SB] Missing observed symbol for expected item 9
UVM_ERROR tb/uvm/qpsk_scoreboard.sv(74) @ 900000: uvm_test_top.env.scb [QPSK_SB] Missing observed symbol for expected item 10
UVM_ERROR tb/uvm/qpsk_scoreboard.sv(74) @ 900000: uvm_test_top.env.scb [QPSK_SB] Missing observed symbol for expected item 11
UVM_ERROR tb/uvm/qpsk_scoreboard.sv(74) @ 900000: uvm_test_top.env.scb [QPSK_SB] Missing observed symbol for expected item 12
UVM_ERROR tb/uvm/qpsk_scoreboard.sv(74) @ 900000: uvm_test_top.env.scb [QPSK_SB] Missing observed symbol for expected item 13
UVM_ERROR tb/uvm/qpsk_scoreboard.sv(74) @ 900000: uvm_test_top.env.scb [QPSK_SB] Missing observed symbol for expected item 14
UVM_ERROR tb/uvm/qpsk_scoreboard.sv(74) @ 900000: uvm_test_top.env.scb [QPSK_SB] Missing observed symbol for expected item 15
UVM_ERROR tb/uvm/qpsk_scoreboard.sv(74) @ 900000: uvm_test_top.env.scb [QPSK_SB] Missing observed symbol for expected item 16
UVM_ERROR tb/uvm/qpsk_scoreboard.sv(74) @ 900000: uvm_test_top.env.scb [QPSK_SB] Missing observed symbol for expected item 17
UVM_ERROR tb/uvm/qpsk_scoreboard.sv(74) @ 900000: uvm_test_top.env.scb [QPSK_SB] Missing observed symbol for expected item 18
UVM_ERROR tb/uvm/qpsk_scoreboard.sv(74) @ 900000: uvm_test_top.env.scb [QPSK_SB] Missing observed symbol for expected item 19
UVM_ERROR tb/uvm/qpsk_scoreboard.sv(74) @ 900000: uvm_test_top.env.scb [QPSK_SB] Missing observed symbol for expected item 20
UVM_ERROR tb/uvm/qpsk_scoreboard.sv(74) @ 900000: uvm_test_top.env.scb [QPSK_SB] Missing observed symbol for expected item 21
UVM_ERROR tb/uvm/qpsk_scoreboard.sv(74) @ 900000: uvm_test_top.env.scb [QPSK_SB] Missing observed symbol for expected item 22
UVM_ERROR tb/uvm/qpsk_scoreboard.sv(74) @ 900000: uvm_test_top.env.scb [QPSK_SB] Missing observed symbol for expected item 23
UVM_ERROR tb/uvm/qpsk_scoreboard.sv(74) @ 900000: uvm_test_top.env.scb [QPSK_SB] Missing observed symbol for expected item 24
UVM_ERROR tb/uvm/qpsk_scoreboard.sv(74) @ 900000: uvm_test_top.env.scb [QPSK_SB] Missing observed symbol for expected item 25
UVM_ERROR tb/uvm/qpsk_scoreboard.sv(74) @ 900000: uvm_test_top.env.scb [QPSK_SB] Missing observed symbol for expected item 26
UVM_ERROR tb/uvm/qpsk_scoreboard.sv(74) @ 900000: uvm_test_top.env.scb [QPSK_SB] Missing observed symbol for expected item 27
UVM_ERROR tb/uvm/qpsk_scoreboard.sv(74) @ 900000: uvm_test_top.env.scb [QPSK_SB] Missing observed symbol for expected item 28
UVM_ERROR tb/uvm/qpsk_scoreboard.sv(74) @ 900000: uvm_test_top.env.scb [QPSK_SB] Missing observed symbol for expected item 29
UVM_ERROR tb/uvm/qpsk_scoreboard.sv(74) @ 900000: uvm_test_top.env.scb [QPSK_SB] Missing observed symbol for expected item 30
UVM_ERROR tb/uvm/qpsk_scoreboard.sv(74) @ 900000: uvm_test_top.env.scb [QPSK_SB] Missing observed symbol for expected item 31
UVM_ERROR tb/uvm/qpsk_scoreboard.sv(74) @ 900000: uvm_test_top.env.scb [QPSK_SB] Missing observed symbol for expected item 32
UVM_ERROR tb/uvm/qpsk_scoreboard.sv(74) @ 900000: uvm_test_top.env.scb [QPSK_SB] Missing observed symbol for expected item 33
UVM_ERROR tb/uvm/qpsk_scoreboard.sv(74) @ 900000: uvm_test_top.env.scb [QPSK_SB] Missing observed symbol for expected item 34
UVM_ERROR tb/uvm/qpsk_scoreboard.sv(74) @ 900000: uvm_test_top.env.scb [QPSK_SB] Missing observed symbol for expected item 35
UVM_ERROR tb/uvm/qpsk_scoreboard.sv(74) @ 900000: uvm_test_top.env.scb [QPSK_SB] Missing observed symbol for expected item 36
UVM_ERROR tb/uvm/qpsk_scoreboard.sv(74) @ 900000: uvm_test_top.env.scb [QPSK_SB] Missing observed symbol for expected item 37
UVM_ERROR tb/uvm/qpsk_scoreboard.sv(74) @ 900000: uvm_test_top.env.scb [QPSK_SB] Missing observed symbol for expected item 38
UVM_ERROR tb/uvm/qpsk_scoreboard.sv(74) @ 900000: uvm_test_top.env.scb [QPSK_SB] Missing observed symbol for expected item 39
UVM_INFO tb/uvm/qpsk_scoreboard.sv(48) @ 900000: uvm_test_top.env.scb [RESULT] [RESULT] FAIL errors=40
UVM_INFO /home/satwikvuppari/uvm-1.2/src/base/uvm_report_server.svh(847) @ 900000: reporter [UVM/REPORT/SERVER] 
--- UVM Report Summary ---

** Report counts by severity
UVM_INFO :    6
UVM_WARNING :   40
UVM_ERROR :   40
UVM_FATAL :    0
** Report counts by id
[NO_DPI_TSTNAME]     1
[QPSK_SB]    40
[RESULT]     1
[RNDFLD]    40
[RNTST]     1
[TEST_DONE]     1
[UVM/COMP/NAMECHECK]     1
[UVM/RELNOTES]     1

- /home/satwikvuppari/uvm-1.2/src/base/uvm_root.svh:517: Verilog $finish
- S i m u l a t i o n   R e p o r t: Verilator 5.053 devel
- Verilator: $finish at 900ns; walltime 0.014 s; speed 62.778 us/s
- Verilator: cpu 0.014 s on 1 threads; allocated 13 MB
VlRProcess::open: execvp(z3): No such file or directory
