VM_ERROR tb/uvm/qpsk_scoreboard.sv(53) @ 525000: uvm_test_top.env.scb [QPSK_SB] Symbol mismatch: expected 0x0, observed 0x2
UVM_WARNING tb/uvm/qpsk_seq.sv(19) @ 560000: uvm_test_top.env.agent.seqr@@seq [RNDFLD] Randomization failed in uvm_do_with action
UVM_ERROR tb/uvm/qpsk_scoreboard.sv(53) @ 565000: uvm_test_top.env.scb [QPSK_SB] Symbol mismatch: expected 0x0, observed 0x2
UVM_WARNING tb/uvm/qpsk_seq.sv(19) @ 600000: uvm_test_top.env.agent.seqr@@seq [RNDFLD] Randomization failed in uvm_do_with action
UVM_ERROR tb/uvm/qpsk_scoreboard.sv(53) @ 605000: uvm_test_top.env.scb [QPSK_SB] Symbol mismatch: expected 0x0, observed 0x2
UVM_WARNING tb/uvm/qpsk_seq.sv(19) @ 640000: uvm_test_top.env.agent.seqr@@seq [RNDFLD] Randomization failed in uvm_do_with action
UVM_ERROR tb/uvm/qpsk_scoreboard.sv(53) @ 645000: uvm_test_top.env.scb [QPSK_SB] Symbol mismatch: expected 0x0, observed 0x2
UVM_WARNING tb/uvm/qpsk_seq.sv(19) @ 680000: uvm_test_top.env.agent.seqr@@seq [RNDFLD] Randomization failed in uvm_do_with action
UVM_ERROR tb/uvm/qpsk_scoreboard.sv(53) @ 685000: uvm_test_top.env.scb [QPSK_SB] Symbol mismatch: expected 0x0, observed 0x2
UVM_WARNING tb/uvm/qpsk_seq.sv(19) @ 720000: uvm_test_top.env.agent.seqr@@seq [RNDFLD] Randomization failed in uvm_do_with action
UVM_ERROR tb/uvm/qpsk_scoreboard.sv(53) @ 725000: uvm_test_top.env.scb [QPSK_SB] Symbol mismatch: expected 0x0, observed 0x2
UVM_WARNING tb/uvm/qpsk_seq.sv(19) @ 760000: uvm_test_top.env.agent.seqr@@seq [RNDFLD] Randomization failed in uvm_do_with action
UVM_ERROR tb/uvm/qpsk_scoreboard.sv(53) @ 765000: uvm_test_top.env.scb [QPSK_SB] Symbol mismatch: expected 0x0, observed 0x2
UVM_WARNING tb/uvm/qpsk_seq.sv(19) @ 800000: uvm_test_top.env.agent.seqr@@seq [RNDFLD] Randomization failed in uvm_do_with action
UVM_ERROR tb/uvm/qpsk_scoreboard.sv(53) @ 805000: uvm_test_top.env.scb [QPSK_SB] Symbol mismatch: expected 0x0, observed 0x2
UVM_WARNING tb/uvm/qpsk_seq.sv(19) @ 840000: uvm_test_top.env.agent.seqr@@seq [RNDFLD] Randomization failed in uvm_do_with action
UVM_ERROR tb/uvm/qpsk_scoreboard.sv(53) @ 845000: uvm_test_top.env.scb [QPSK_SB] Symbol mismatch: expected 0x0, observed 0x2
UVM_WARNING tb/uvm/qpsk_seq.sv(19) @ 880000: uvm_test_top.env.agent.seqr@@seq [RNDFLD] Randomization failed in uvm_do_with action
UVM_ERROR tb/uvm/qpsk_scoreboard.sv(53) @ 885000: uvm_test_top.env.scb [QPSK_SB] Symbol mismatch: expected 0x0, observed 0x2
UVM_WARNING tb/uvm/qpsk_seq.sv(19) @ 920000: uvm_test_top.env.agent.seqr@@seq [RNDFLD] Randomization failed in uvm_do_with action
UVM_ERROR tb/uvm/qpsk_scoreboard.sv(53) @ 925000: uvm_test_top.env.scb [QPSK_SB] Symbol mismatch: expected 0x0, observed 0x2
UVM_WARNING tb/uvm/qpsk_seq.sv(19) @ 960000: uvm_test_top.env.agent.seqr@@seq [RNDFLD] Randomization failed in uvm_do_with action
UVM_ERROR tb/uvm/qpsk_scoreboard.sv(53) @ 965000: uvm_test_top.env.scb [QPSK_SB] Symbol mismatch: expected 0x0, observed 0x2
UVM_WARNING tb/uvm/qpsk_seq.sv(19) @ 1000000: uvm_test_top.env.agent.seqr@@seq [RNDFLD] Randomization failed in uvm_do_with action
UVM_ERROR tb/uvm/qpsk_scoreboard.sv(53) @ 1005000: uvm_test_top.env.scb [QPSK_SB] Symbol mismatch: expected 0x0, observed 0x2
UVM_WARNING tb/uvm/qpsk_seq.sv(19) @ 1040000: uvm_test_top.env.agent.seqr@@seq [RNDFLD] Randomization failed in uvm_do_with action
UVM_ERROR tb/uvm/qpsk_scoreboard.sv(53) @ 1045000: uvm_test_top.env.scb [QPSK_SB] Symbol mismatch: expected 0x0, observed 0x2
UVM_WARNING tb/uvm/qpsk_seq.sv(19) @ 1080000: uvm_test_top.env.agent.seqr@@seq [RNDFLD] Randomization failed in uvm_do_with action
UVM_ERROR tb/uvm/qpsk_scoreboard.sv(53) @ 1085000: uvm_test_top.env.scb [QPSK_SB] Symbol mismatch: expected 0x0, observed 0x2
UVM_WARNING tb/uvm/qpsk_seq.sv(19) @ 1120000: uvm_test_top.env.agent.seqr@@seq [RNDFLD] Randomization failed in uvm_do_with action
UVM_ERROR tb/uvm/qpsk_scoreboard.sv(53) @ 1125000: uvm_test_top.env.scb [QPSK_SB] Symbol mismatch: expected 0x0, observed 0x2
UVM_WARNING tb/uvm/qpsk_seq.sv(19) @ 1160000: uvm_test_top.env.agent.seqr@@seq [RNDFLD] Randomization failed in uvm_do_with action
UVM_ERROR tb/uvm/qpsk_scoreboard.sv(53) @ 1165000: uvm_test_top.env.scb [QPSK_SB] Symbol mismatch: expected 0x0, observed 0x2
UVM_WARNING tb/uvm/qpsk_seq.sv(19) @ 1200000: uvm_test_top.env.agent.seqr@@seq [RNDFLD] Randomization failed in uvm_do_with action
UVM_ERROR tb/uvm/qpsk_scoreboard.sv(53) @ 1205000: uvm_test_top.env.scb [QPSK_SB] Symbol mismatch: expected 0x0, observed 0x2
UVM_WARNING tb/uvm/qpsk_seq.sv(19) @ 1240000: uvm_test_top.env.agent.seqr@@seq [RNDFLD] Randomization failed in uvm_do_with action
UVM_ERROR tb/uvm/qpsk_scoreboard.sv(53) @ 1245000: uvm_test_top.env.scb [QPSK_SB] Symbol mismatch: expected 0x0, observed 0x2
UVM_WARNING tb/uvm/qpsk_seq.sv(19) @ 1280000: uvm_test_top.env.agent.seqr@@seq [RNDFLD] Randomization failed in uvm_do_with action
UVM_ERROR tb/uvm/qpsk_scoreboard.sv(53) @ 1285000: uvm_test_top.env.scb [QPSK_SB] Symbol mismatch: expected 0x0, observed 0x2
UVM_WARNING tb/uvm/qpsk_seq.sv(19) @ 1320000: uvm_test_top.env.agent.seqr@@seq [RNDFLD] Randomization failed in uvm_do_with action
UVM_ERROR tb/uvm/qpsk_scoreboard.sv(53) @ 1325000: uvm_test_top.env.scb [QPSK_SB] Symbol mismatch: expected 0x0, observed 0x2
UVM_WARNING tb/uvm/qpsk_seq.sv(19) @ 1360000: uvm_test_top.env.agent.seqr@@seq [RNDFLD] Randomization failed in uvm_do_with action
UVM_ERROR tb/uvm/qpsk_scoreboard.sv(53) @ 1365000: uvm_test_top.env.scb [QPSK_SB] Symbol mismatch: expected 0x0, observed 0x2
UVM_WARNING tb/uvm/qpsk_seq.sv(19) @ 1400000: uvm_test_top.env.agent.seqr@@seq [RNDFLD] Randomization failed in uvm_do_with action
UVM_ERROR tb/uvm/qpsk_scoreboard.sv(53) @ 1405000: uvm_test_top.env.scb [QPSK_SB] Symbol mismatch: expected 0x0, observed 0x2
UVM_WARNING tb/uvm/qpsk_seq.sv(19) @ 1440000: uvm_test_top.env.agent.seqr@@seq [RNDFLD] Randomization failed in uvm_do_with action
UVM_ERROR tb/uvm/qpsk_scoreboard.sv(53) @ 1445000: uvm_test_top.env.scb [QPSK_SB] Symbol mismatch: expected 0x0, observed 0x2
UVM_WARNING tb/uvm/qpsk_seq.sv(19) @ 1480000: uvm_test_top.env.agent.seqr@@seq [RNDFLD] Randomization failed in uvm_do_with action
UVM_ERROR tb/uvm/qpsk_scoreboard.sv(53) @ 1485000: uvm_test_top.env.scb [QPSK_SB] Symbol mismatch: expected 0x0, observed 0x2
UVM_WARNING tb/uvm/qpsk_seq.sv(19) @ 1520000: uvm_test_top.env.agent.seqr@@seq [RNDFLD] Randomization failed in uvm_do_with action
UVM_ERROR tb/uvm/qpsk_scoreboard.sv(53) @ 1525000: uvm_test_top.env.scb [QPSK_SB] Symbol mismatch: expected 0x0, observed 0x2
UVM_WARNING tb/uvm/qpsk_seq.sv(19) @ 1560000: uvm_test_top.env.agent.seqr@@seq [RNDFLD] Randomization failed in uvm_do_with action
UVM_ERROR tb/uvm/qpsk_scoreboard.sv(53) @ 1565000: uvm_test_top.env.scb [QPSK_SB] Symbol mismatch: expected 0x0, observed 0x2
UVM_ERROR tb/uvm/qpsk_scoreboard.sv(53) @ 1605000: uvm_test_top.env.scb [QPSK_SB] Symbol mismatch: expected 0x0, observed 0x2
UVM_INFO /home/satwikvuppari/uvm-1.2/src/base/uvm_objection.svh(1271) @ 1700000: reporter [TEST_DONE] 'run' phase is ready to proceed to the 'extract' phase
UVM_ERROR tb/uvm/qpsk_scoreboard.sv(64) @ 1700000: uvm_test_top.env.scb [QPSK_SB] 1 expected symbols were never observed
UVM_INFO tb/uvm/qpsk_scoreboard.sv(72) @ 1700000: uvm_test_top.env.scb [QPSK_SB] [RESULT] FAIL errors=40
UVM_INFO /home/satwikvuppari/uvm-1.2/src/base/uvm_report_server.svh(847) @ 1700000: reporter [UVM/REPORT/SERVER] 
--- UVM Report Summary ---

** Report counts by severity
UVM_INFO :    6
UVM_WARNING :   40
UVM_ERROR :   40
UVM_FATAL :    0
** Report counts by id
[NO_DPI_TSTNAME]     1
[QPSK_SB]    41
[RNDFLD]    40
[RNTST]     1
[TEST_DONE]     1
[UVM/COMP/NAMECHECK]     1
[UVM/RELNOTES]     1

- /home/satwikvuppari/uvm-1.2/src/base/uvm_root.svh:517: Verilog $finish
- S i m u l a t i o n   R e p o r t: Verilator 5.053 devel
- Verilator: $finish at 2us; walltime 0.017 s; speed 102.968 us/s
- Verilator: cpu 0.015 s on 1 threads; allocated 13 MB
VlRProcess::open: execvp(z3): No such file or directory
