UVM_INFO /home/satwikvuppari/uvm-1.2/src/base/uvm_root.svh(392) @ 0: reporter [UVM/RELNOTES] 
----------------------------------------------------------------
UVM-1.2
(C) 2007-2014 Mentor Graphics Corporation
(C) 2007-2014 Cadence Design Systems, Inc.
(C) 2006-2014 Synopsys, Inc.
(C) 2011-2013 Cypress Semiconductor Corp.
(C) 2013-2014 NVIDIA Corporation
----------------------------------------------------------------

  ***********       IMPORTANT RELEASE NOTES         ************

  You are using a version of the UVM library that has been compiled
  with `UVM_NO_DEPRECATED undefined.
  See http://www.eda.org/svdb/view.php?id=3313 for more details.

  You are using a version of the UVM library that has been compiled
  with `UVM_OBJECT_DO_NOT_NEED_CONSTRUCTOR undefined.
  See http://www.eda.org/svdb/view.php?id=3770 for more details.

      (Specify +UVM_NO_RELNOTES to turn off this notice)

UVM_INFO /home/satwikvuppari/uvm-1.2/src/base/uvm_root.svh(453) @ 0: reporter [NO_DPI_TSTNAME] UVM_NO_DPI defined--getting UVM_TESTNAME directly, without DPI
UVM_INFO @ 0: reporter [RNTST] Running test qpsk_base_test...
UVM_INFO /home/satwikvuppari/uvm-1.2/src/base/uvm_traversal.svh(279) @ 0: reporter [UVM/COMP/NAMECHECK] This implementation of the component name checks requires DPI to be enabled
%Warning: Subprocess command `z3 --in' failed: exit status 127
%Warning: Unable to communicate with SAT solver, please check its installation or specify a different one in VERILATOR_SOLVER environment variable.
 ... Tried: $ z3 --in

UVM_WARNING tb/uvm/qpsk_seq.sv(14) @ 0: uvm_test_top.env.agent.seqr@@seq [RNDFLD] Randomization failed in uvm_do_with action
UVM_WARNING tb/uvm/qpsk_seq.sv(14) @ 40000: uvm_test_top.env.agent.seqr@@seq [RNDFLD] Randomization failed in uvm_do_with action
UVM_WARNING tb/uvm/qpsk_seq.sv(14) @ 80000: uvm_test_top.env.agent.seqr@@seq [RNDFLD] Randomization failed in uvm_do_with action
UVM_WARNING tb/uvm/qpsk_seq.sv(14) @ 120000: uvm_test_top.env.agent.seqr@@seq [RNDFLD] Randomization failed in uvm_do_with action
UVM_WARNING tb/uvm/qpsk_seq.sv(14) @ 160000: uvm_test_top.env.agent.seqr@@seq [RNDFLD] Randomization failed in uvm_do_with action
UVM_WARNING tb/uvm/qpsk_seq.sv(14) @ 200000: uvm_test_top.env.agent.seqr@@seq [RNDFLD] Randomization failed in uvm_do_with action
UVM_WARNING tb/uvm/qpsk_seq.sv(14) @ 240000: uvm_test_top.env.agent.seqr@@seq [RNDFLD] Randomization failed in uvm_do_with action
UVM_WARNING tb/uvm/qpsk_seq.sv(14) @ 280000: uvm_test_top.env.agent.seqr@@seq [RNDFLD] Randomization failed in uvm_do_with action
UVM_WARNING tb/uvm/qpsk_seq.sv(14) @ 320000: uvm_test_top.env.agent.seqr@@seq [RNDFLD] Randomization failed in uvm_do_with action
UVM_WARNING tb/uvm/qpsk_seq.sv(14) @ 360000: uvm_test_top.env.agent.seqr@@seq [RNDFLD] Randomization failed in uvm_do_with action
UVM_WARNING tb/uvm/qpsk_seq.sv(14) @ 400000: uvm_test_top.env.agent.seqr@@seq [RNDFLD] Randomization failed in uvm_do_with action
UVM_WARNING tb/uvm/qpsk_seq.sv(14) @ 440000: uvm_test_top.env.agent.seqr@@seq [RNDFLD] Randomization failed in uvm_do_with action
UVM_WARNING tb/uvm/qpsk_seq.sv(14) @ 480000: uvm_test_top.env.agent.seqr@@seq [RNDFLD] Randomization failed in uvm_do_with action
UVM_WARNING tb/uvm/qpsk_seq.sv(14) @ 520000: uvm_test_top.env.agent.seqr@@seq [RNDFLD] Randomization failed in uvm_do_with action
UVM_WARNING tb/uvm/qpsk_seq.sv(14) @ 560000: uvm_test_top.env.agent.seqr@@seq [RNDFLD] Randomization failed in uvm_do_with action
UVM_WARNING tb/uvm/qpsk_seq.sv(14) @ 600000: uvm_test_top.env.agent.seqr@@seq [RNDFLD] Randomization failed in uvm_do_with action
UVM_WARNING tb/uvm/qpsk_seq.sv(14) @ 640000: uvm_test_top.env.agent.seqr@@seq [RNDFLD] Randomization failed in uvm_do_with action
UVM_WARNING tb/uvm/qpsk_seq.sv(14) @ 680000: uvm_test_top.env.agent.seqr@@seq [RNDFLD] Randomization failed in uvm_do_with action
UVM_WARNING tb/uvm/qpsk_seq.sv(14) @ 720000: uvm_test_top.env.agent.seqr@@seq [RNDFLD] Randomization failed in uvm_do_with action
UVM_WARNING tb/uvm/qpsk_seq.sv(14) @ 760000: uvm_test_top.env.agent.seqr@@seq [RNDFLD] Randomization failed in uvm_do_with action
UVM_WARNING tb/uvm/qpsk_seq.sv(14) @ 800000: uvm_test_top.env.agent.seqr@@seq [RNDFLD] Randomization failed in uvm_do_with action
UVM_WARNING tb/uvm/qpsk_seq.sv(14) @ 840000: uvm_test_top.env.agent.seqr@@seq [RNDFLD] Randomization failed in uvm_do_with action
UVM_WARNING tb/uvm/qpsk_seq.sv(14) @ 880000: uvm_test_top.env.agent.seqr@@seq [RNDFLD] Randomization failed in uvm_do_with action
UVM_WARNING tb/uvm/qpsk_seq.sv(14) @ 920000: uvm_test_top.env.agent.seqr@@seq [RNDFLD] Randomization failed in uvm_do_with action
UVM_WARNING tb/uvm/qpsk_seq.sv(14) @ 960000: uvm_test_top.env.agent.seqr@@seq [RNDFLD] Randomization failed in uvm_do_with action
UVM_WARNING tb/uvm/qpsk_seq.sv(14) @ 1000000: uvm_test_top.env.agent.seqr@@seq [RNDFLD] Randomization failed in uvm_do_with action
UVM_WARNING tb/uvm/qpsk_seq.sv(14) @ 1040000: uvm_test_top.env.agent.seqr@@seq [RNDFLD] Randomization failed in uvm_do_with action
UVM_WARNING tb/uvm/qpsk_seq.sv(14) @ 1080000: uvm_test_top.env.agent.seqr@@seq [RNDFLD] Randomization failed in uvm_do_with action
UVM_WARNING tb/uvm/qpsk_seq.sv(14) @ 1120000: uvm_test_top.env.agent.seqr@@seq [RNDFLD] Randomization failed in uvm_do_with action
UVM_WARNING tb/uvm/qpsk_seq.sv(14) @ 1160000: uvm_test_top.env.agent.seqr@@seq [RNDFLD] Randomization failed in uvm_do_with action
UVM_WARNING tb/uvm/qpsk_seq.sv(14) @ 1200000: uvm_test_top.env.agent.seqr@@seq [RNDFLD] Randomization failed in uvm_do_with action
UVM_WARNING tb/uvm/qpsk_seq.sv(14) @ 1240000: uvm_test_top.env.agent.seqr@@seq [RNDFLD] Randomization failed in uvm_do_with action
UVM_WARNING tb/uvm/qpsk_seq.sv(14) @ 1280000: uvm_test_top.env.agent.seqr@@seq [RNDFLD] Randomization failed in uvm_do_with action
UVM_WARNING tb/uvm/qpsk_seq.sv(14) @ 1320000: uvm_test_top.env.agent.seqr@@seq [RNDFLD] Randomization failed in uvm_do_with action
UVM_WARNING tb/uvm/qpsk_seq.sv(14) @ 1360000: uvm_test_top.env.agent.seqr@@seq [RNDFLD] Randomization failed in uvm_do_with action
UVM_WARNING tb/uvm/qpsk_seq.sv(14) @ 1400000: uvm_test_top.env.agent.seqr@@seq [RNDFLD] Randomization failed in uvm_do_with action
UVM_WARNING tb/uvm/qpsk_seq.sv(14) @ 1440000: uvm_test_top.env.agent.seqr@@seq [RNDFLD] Randomization failed in uvm_do_with action
UVM_WARNING tb/uvm/qpsk_seq.sv(14) @ 1480000: uvm_test_top.env.agent.seqr@@seq [RNDFLD] Randomization failed in uvm_do_with action
UVM_WARNING tb/uvm/qpsk_seq.sv(14) @ 1520000: uvm_test_top.env.agent.seqr@@seq [RNDFLD] Randomization failed in uvm_do_with action
UVM_WARNING tb/uvm/qpsk_seq.sv(14) @ 1560000: uvm_test_top.env.agent.seqr@@seq [RNDFLD] Randomization failed in uvm_do_with action
UVM_INFO /home/satwikvuppari/uvm-1.2/src/base/uvm_objection.svh(1271) @ 1700000: reporter [TEST_DONE] 'run' phase is ready to proceed to the 'extract' phase
UVM_ERROR tb/uvm/qpsk_scoreboard.sv(74) @ 1700000: uvm_test_top.env.scb [QPSK_SB] Missing observed symbol for expected item 39
UVM_INFO tb/uvm/qpsk_scoreboard.sv(48) @ 1700000: uvm_test_top.env.scb [RESULT] [RESULT] FAIL errors=1
UVM_INFO /home/satwikvuppari/uvm-1.2/src/base/uvm_report_server.svh(847) @ 1700000: reporter [UVM/REPORT/SERVER] 
--- UVM Report Summary ---

** Report counts by severity
UVM_INFO :    6
UVM_WARNING :   40
UVM_ERROR :    1
UVM_FATAL :    0
** Report counts by id
[NO_DPI_TSTNAME]     1
[QPSK_SB]     1
[RESULT]     1
[RNDFLD]    40
[RNTST]     1
[TEST_DONE]     1
[UVM/COMP/NAMECHECK]     1
[UVM/RELNOTES]     1

- /home/satwikvuppari/uvm-1.2/src/base/uvm_root.svh:517: Verilog $finish
- S i m u l a t i o n   R e p o r t: Verilator 5.053 devel
- Verilator: $finish at 2us; walltime 0.016 s; speed 107.867 us/s
- Verilator: cpu 0.015 s on 1 threads; allocated 14 MB
VlRProcess::open: execvp(z3): No such file or directory
